fatal error: no acceptable raidz layout is possible with 35 disks and 1 spare
