{
	"spares": [
		{
			"name": "disk23",
			"vid": "MFG",
			"pid": "DISK",
			"size": "600127266816",
			"solid_state": false
		}
	],
	"vdevs": [
		{
			"type": "raidz2",
			"devices": [
				{
					"name": "disk00",
					"vid": "MFG",
					"pid": "DISK",
					"size": "600127266816",
					"solid_state": false
				},
				{
					"name": "disk01",
					"vid": "MFG",
					"pid": "DISK",
					"size": "600127266816",
					"solid_state": false
				},
				{
					"name": "disk02",
					"vid": "MFG",
					"pid": "DISK",
					"size": "600127266816",
					"solid_state": false
				},
				{
					"name": "disk03",
					"vid": "MFG",
					"pid": "DISK",
					"size": "600127266816",
					"solid_state": false
				},
				{
					"name": "disk04",
					"vid": "MFG",
					"pid": "DISK",
					"size": "600127266816",
					"solid_state": false
				},
				{
					"name": "disk05",
					"vid": "MFG",
					"pid": "DISK",
					"size": "600127266816",
					"solid_state": false
				},
				{
					"name": "disk06",
					"vid": "MFG",
					"pid": "DISK",
					"size": "600127266816",
					"solid_state": false
				}
			]
		},
		{
			"type": "raidz2",
			"devices": [
				{
					"name": "disk07",
					"vid": "MFG",
					"pid": "DISK",
					"size": "600127266816",
					"solid_state": false
				},
				{
					"name": "disk08",
					"vid": "MFG",
					"pid": "DISK",
					"size": "600127266816",
					"solid_state": false
				},
				{
					"name": "disk09",
					"vid": "MFG",
					"pid": "DISK",
					"size": "600127266816",
					"solid_state": false
				},
				{
					"name": "disk0a",
					"vid": "MFG",
					"pid": "DISK",
					"size": "600127266816",
					"solid_state": false
				},
				{
					"name": "disk0b",
					"vid": "MFG",
					"pid": "DISK",
					"size": "600127266816",
					"solid_state": false
				},
				{
					"name": "disk0c",
					"vid": "MFG",
					"pid": "DISK",
					"size": "600127266816",
					"solid_state": false
				},
				{
					"name": "disk0d",
					"vid": "MFG",
					"pid": "DISK",
					"size": "600127266816",
					"solid_state": false
				}
			]
		},
		{
			"type": "raidz2",
			"devices": [
				{
					"name": "disk0e",
					"vid": "MFG",
					"pid": "DISK",
					"size": "600127266816",
					"solid_state": false
				},
				{
					"name": "disk0f",
					"vid": "MFG",
					"pid": "DISK",
					"size": "600127266816",
					"solid_state": false
				},
				{
					"name": "disk10",
					"vid": "MFG",
					"pid": "DISK",
					"size": "600127266816",
					"solid_state": false
				},
				{
					"name": "disk11",
					"vid": "MFG",
					"pid": "DISK",
					"size": "600127266816",
					"solid_state": false
				},
				{
					"name": "disk12",
					"vid": "MFG",
					"pid": "DISK",
					"size": "600127266816",
					"solid_state": false
				},
				{
					"name": "disk13",
					"vid": "MFG",
					"pid": "DISK",
					"size": "600127266816",
					"solid_state": false
				},
				{
					"name": "disk14",
					"vid": "MFG",
					"pid": "DISK",
					"size": "600127266816",
					"solid_state": false
				}
			]
		},
		{
			"type": "raidz2",
			"devices": [
				{
					"name": "disk15",
					"vid": "MFG",
					"pid": "DISK",
					"size": "600127266816",
					"solid_state": false
				},
				{
					"name": "disk16",
					"vid": "MFG",
					"pid": "DISK",
					"size": "600127266816",
					"solid_state": false
				},
				{
					"name": "disk17",
					"vid": "MFG",
					"pid": "DISK",
					"size": "600127266816",
					"solid_state": false
				},
				{
					"name": "disk18",
					"vid": "MFG",
					"pid": "DISK",
					"size": "600127266816",
					"solid_state": false
				},
				{
					"name": "disk19",
					"vid": "MFG",
					"pid": "DISK",
					"size": "600127266816",
					"solid_state": false
				},
				{
					"name": "disk1a",
					"vid": "MFG",
					"pid": "DISK",
					"size": "600127266816",
					"solid_state": false
				},
				{
					"name": "disk1b",
					"vid": "MFG",
					"pid": "DISK",
					"size": "600127266816",
					"solid_state": false
				}
			]
		},
		{
			"type": "raidz2",
			"devices": [
				{
					"name": "disk1c",
					"vid": "MFG",
					"pid": "DISK",
					"size": "600127266816",
					"solid_state": false
				},
				{
					"name": "disk1d",
					"vid": "MFG",
					"pid": "DISK",
					"size": "600127266816",
					"solid_state": false
				},
				{
					"name": "disk1e",
					"vid": "MFG",
					"pid": "DISK",
					"size": "600127266816",
					"solid_state": false
				},
				{
					"name": "disk1f",
					"vid": "MFG",
					"pid": "DISK",
					"size": "600127266816",
					"solid_state": false
				},
				{
					"name": "disk20",
					"vid": "MFG",
					"pid": "DISK",
					"size": "600127266816",
					"solid_state": false
				},
				{
					"name": "disk21",
					"vid": "MFG",
					"pid": "DISK",
					"size": "600127266816",
					"solid_state": false
				},
				{
					"name": "disk22",
					"vid": "MFG",
					"pid": "DISK",
					"size": "600127266816",
					"solid_state": false
				}
			]
		}
	],
	"capacity": 15003181670400
}
