fatal error: 6 is an invalid width for raidz2 and 7 disks (min: 7, default max: 12)
